// Vitest Snapshot v1, https://vitest.dev/guide/snapshot.html

exports[`MobixLoader Component > matches the DOM snapshot to prevent visual regression 1`] = `
<DocumentFragment>
  <div
    class="MuiBox-root"
  >
    <div
      class="MuiBox-root"
    >
      <div />
      <svg
        viewBox="0 0 140 140"
      >
        <circle
          cx="70"
          cy="70"
          r="69"
        />
      </svg>
      <svg
        viewBox="0 0 140 140"
      >
        <circle
          cx="70"
          cy="70"
          r="45"
        />
      </svg>
      <svg
        viewBox="0 0 160 160"
      >
        <path
          class="connection-line"
          d="M80,80 L80,30"
        />
        <path
          class="data-packet dp-1"
          d="M80,80 L80,30"
          pathLength="100"
        />
        <path
          class="connection-line"
          d="M80,80 L38,125"
        />
        <path
          class="data-packet dp-2"
          d="M80,80 L38,125"
          pathLength="100"
        />
        <path
          class="connection-line"
          d="M80,80 L122,125"
        />
        <path
          class="data-packet dp-3"
          d="M80,80 L122,125"
          pathLength="100"
        />
      </svg>
      <div />
      <div
        class="s-1"
      />
      <div
        class="s-2"
      />
      <div
        class="s-3"
      />
    </div>
    <h3
      class="MuiTypography-root MuiTypography-h3"
    >
      ACTIVANDO MOVILIDAD INTELIGENTE...
    </h3>
  </div>
</DocumentFragment>
`;
